{
  "description": "Just a basic schema.",
  "title": "Basic Object",
  "type": "object",
  "definitions": {
    "my.key": {
      "description": "foo property",
      "readOnly": true,
      "type": "number"
    }
  },
  "properties": {
    "mykey": {
      "description": "foo property",
      "readOnly": true,
      "type": "number"
    }
  }
}