{
  "description": "Just a basic schema.",
  "title": "Basic Object",
  "type": "object",
  "definitions": {
    "id": {
      "description": "Unique identifier.",
      "readOnly": true,
      "format": "uuid",
      "example": "01234567-89ab-cdef-0123-456789abcdef",
      "type": "string",
      "minLength": 1
    },
    "foo": {
      "$ref": "https://raw.githubusercontent.com/bojand/json-schema-test-samples/master/foo.json"
    },
    "bar": {
      "$ref": "https://raw.githubusercontent.com/bojand/json-schema-test-samples/master/bar.json"
    },
    "address": {
      "$ref": "https://raw.githubusercontent.com/bojand/json-schema-test-samples/master/address.json"
    }
  },
  "properties": {
    "id": {
      "description": "Unique identifier.",
      "readOnly": true,
      "format": "uuid",
      "example": "01234567-89ab-cdef-0123-456789abcdef",
      "type": "string",
      "minLength": 1
    },
    "foo": {
      "$ref": "https://raw.githubusercontent.com/bojand/json-schema-test-samples/master/foo.json"
    },
    "bar": {
      "$ref": "https://raw.githubusercontent.com/bojand/json-schema-test-samples/master/bar.json"
    },
    "address": {
      "$ref": "https://raw.githubusercontent.com/bojand/json-schema-test-samples/master/address.json"
    },
    "created_at": {
      "description": "Creation time.",
      "example": "2014-07-25T19:14:29.503Z",
      "format": "date-time",
      "readOnly": true,
      "type": "string"
    },
    "updated_at": {
      "description": "Update date-time.",
      "example": "2014-07-25T19:14:29.503Z",
      "format": "date-time",
      "readOnly": false,
      "type": "string"
    },
    "email": {
      "description": "Email",
      "format": "email",
      "readOnly": false,
      "type": "string",
      "minLength": 1
    }
  }
}